Archive member included to satisfy reference by file (symbol)

/usr/lib/gcc/avr/4.9.2/avr5/libgcc.a(_udivmodqi4.o)
                              libs/usart.o (__udivmodqi4)
/usr/lib/gcc/avr/4.9.2/avr5/libgcc.a(_udivmodhi4.o)
                              libs/usart.o (__udivmodhi4)
/usr/lib/gcc/avr/4.9.2/avr5/libgcc.a(_exit.o)
                              /usr/lib/gcc/avr/4.9.2/../../../avr/lib/avr5/crtatmega168.o (exit)
/usr/lib/gcc/avr/4.9.2/avr5/libgcc.a(_copy_data.o)
                              libs/mpr121.o (__do_copy_data)

Discarded input sections

 .data          0x0000000000000000        0x0 /usr/lib/gcc/avr/4.9.2/../../../avr/lib/avr5/crtatmega168.o
 .bss           0x0000000000000000        0x0 /usr/lib/gcc/avr/4.9.2/../../../avr/lib/avr5/crtatmega168.o
 .text          0x0000000000000000        0x0 test.o
 .data          0x0000000000000000        0x0 test.o
 .bss           0x0000000000000000        0x0 test.o
 .text          0x0000000000000000        0x0 libs/sipo.o
 .data          0x0000000000000000        0x0 libs/sipo.o
 .bss           0x0000000000000000        0x0 libs/sipo.o
 .stab          0x0000000000000000      0x3fc libs/sipo.o
                                        0x5c4 (size before relaxing)
 .text.sipo_setup
                0x0000000000000000        0xc libs/sipo.o
 .text.sipo_write
                0x0000000000000000        0xa libs/sipo.o
 .text.sipo_clear
                0x0000000000000000        0xc libs/sipo.o
 .comment       0x0000000000000000       0x12 libs/sipo.o
 .text          0x0000000000000000        0x0 libs/SPI.o
 .data          0x0000000000000000        0x0 libs/SPI.o
 .bss           0x0000000000000000        0x0 libs/SPI.o
 .stab          0x0000000000000000      0x3c0 libs/SPI.o
                                        0x588 (size before relaxing)
 .text.SPI_init
                0x0000000000000000       0x1a libs/SPI.o
 .text.SPI_trade_byte
                0x0000000000000000        0xc libs/SPI.o
 .comment       0x0000000000000000       0x12 libs/SPI.o
 .text          0x0000000000000000        0x0 libs/piso.o
 .data          0x0000000000000000        0x0 libs/piso.o
 .bss           0x0000000000000000        0x0 libs/piso.o
 .stab          0x0000000000000000      0x384 libs/piso.o
                                        0x54c (size before relaxing)
 .text.piso_setup
                0x0000000000000000        0x6 libs/piso.o
 .text.piso_read
                0x0000000000000000        0xc libs/piso.o
 .comment       0x0000000000000000       0x12 libs/piso.o
 .text          0x0000000000000000        0x0 libs/mpr121.o
 .data          0x0000000000000000        0x0 libs/mpr121.o
 .bss           0x0000000000000000        0x0 libs/mpr121.o
 .text.mpr121_read2
                0x0000000000000000       0x60 libs/mpr121.o
 .text.mpr121_read_status
                0x0000000000000000       0x24 libs/mpr121.o
 .text.format_status
                0x0000000000000000        0x6 libs/mpr121.o
 .text.mpr121_set_FFI
                0x0000000000000000       0x36 libs/mpr121.o
 .text.mpr121_set_ESI
                0x0000000000000000       0x36 libs/mpr121.o
 .text.mpr121_set_SFI
                0x0000000000000000       0x3c libs/mpr121.o
 .text.mpr121_set_CDC
                0x0000000000000000       0x36 libs/mpr121.o
 .text.mpr121_set_CDT
                0x0000000000000000       0x3c libs/mpr121.o
 .text.mpr121_set_debounces
                0x0000000000000000       0x38 libs/mpr121.o
 .text.mpr121_rising_condition
                0x0000000000000000       0x54 libs/mpr121.o
 .text.mpr121_falling_condition
                0x0000000000000000       0x54 libs/mpr121.o
 .text.mpr121_touched_condition
                0x0000000000000000       0x42 libs/mpr121.o
 .text.mpr121_set_MHD
                0x0000000000000000       0x32 libs/mpr121.o
 .text.mpr121_set_NHD
                0x0000000000000000       0x40 libs/mpr121.o
 .text.mpr121_set_NCL
                0x0000000000000000       0x40 libs/mpr121.o
 .text.mpr121_set_FDL
                0x0000000000000000       0x40 libs/mpr121.o
 .text.mpr121_set_thresholds
                0x0000000000000000       0x32 libs/mpr121.o
 .text.mpr121_set_threshold
                0x0000000000000000       0x36 libs/mpr121.o
 .text.mpr121_filteredData
                0x0000000000000000       0x18 libs/mpr121.o
 .text.mpr121_baselineData
                0x0000000000000000       0x1a libs/mpr121.o
 .text.send_info
                0x0000000000000000       0x26 libs/mpr121.o
 .text          0x0000000000000000        0x0 libs/i2c.o
 .data          0x0000000000000000        0x0 libs/i2c.o
 .bss           0x0000000000000000        0x0 libs/i2c.o
 .text          0x0000000000000000        0x0 libs/usart.o
 .data          0x0000000000000000        0x0 libs/usart.o
 .bss           0x0000000000000000        0x0 libs/usart.o
 .text.transmit_word
                0x0000000000000000       0x1e libs/usart.o
 .text.receive_byte
                0x0000000000000000        0xe libs/usart.o
 .text.read_string
                0x0000000000000000       0x58 libs/usart.o
 .text.print_word
                0x0000000000000000       0x76 libs/usart.o
 .text.print_binary_byte
                0x0000000000000000       0x48 libs/usart.o
 .text.nibble2hex
                0x0000000000000000        0xc libs/usart.o
 .text.print_hex_byte
                0x0000000000000000       0x1e libs/usart.o
 .text.get_number
                0x0000000000000000       0x48 libs/usart.o
 .text          0x0000000000000000        0x0 /usr/lib/gcc/avr/4.9.2/avr5/libgcc.a(_udivmodqi4.o)
 .data          0x0000000000000000        0x0 /usr/lib/gcc/avr/4.9.2/avr5/libgcc.a(_udivmodqi4.o)
 .bss           0x0000000000000000        0x0 /usr/lib/gcc/avr/4.9.2/avr5/libgcc.a(_udivmodqi4.o)
 .text.libgcc.mul
                0x0000000000000000        0x0 /usr/lib/gcc/avr/4.9.2/avr5/libgcc.a(_udivmodqi4.o)
 .text.libgcc   0x0000000000000000        0x0 /usr/lib/gcc/avr/4.9.2/avr5/libgcc.a(_udivmodqi4.o)
 .text.libgcc.prologue
                0x0000000000000000        0x0 /usr/lib/gcc/avr/4.9.2/avr5/libgcc.a(_udivmodqi4.o)
 .text.libgcc.builtins
                0x0000000000000000        0x0 /usr/lib/gcc/avr/4.9.2/avr5/libgcc.a(_udivmodqi4.o)
 .text.libgcc.fmul
                0x0000000000000000        0x0 /usr/lib/gcc/avr/4.9.2/avr5/libgcc.a(_udivmodqi4.o)
 .text.libgcc.fixed
                0x0000000000000000        0x0 /usr/lib/gcc/avr/4.9.2/avr5/libgcc.a(_udivmodqi4.o)
 .text          0x0000000000000000        0x0 /usr/lib/gcc/avr/4.9.2/avr5/libgcc.a(_udivmodhi4.o)
 .data          0x0000000000000000        0x0 /usr/lib/gcc/avr/4.9.2/avr5/libgcc.a(_udivmodhi4.o)
 .bss           0x0000000000000000        0x0 /usr/lib/gcc/avr/4.9.2/avr5/libgcc.a(_udivmodhi4.o)
 .text.libgcc.mul
                0x0000000000000000        0x0 /usr/lib/gcc/avr/4.9.2/avr5/libgcc.a(_udivmodhi4.o)
 .text.libgcc.div
                0x0000000000000000       0x28 /usr/lib/gcc/avr/4.9.2/avr5/libgcc.a(_udivmodhi4.o)
 .text.libgcc   0x0000000000000000        0x0 /usr/lib/gcc/avr/4.9.2/avr5/libgcc.a(_udivmodhi4.o)
 .text.libgcc.prologue
                0x0000000000000000        0x0 /usr/lib/gcc/avr/4.9.2/avr5/libgcc.a(_udivmodhi4.o)
 .text.libgcc.builtins
                0x0000000000000000        0x0 /usr/lib/gcc/avr/4.9.2/avr5/libgcc.a(_udivmodhi4.o)
 .text.libgcc.fmul
                0x0000000000000000        0x0 /usr/lib/gcc/avr/4.9.2/avr5/libgcc.a(_udivmodhi4.o)
 .text.libgcc.fixed
                0x0000000000000000        0x0 /usr/lib/gcc/avr/4.9.2/avr5/libgcc.a(_udivmodhi4.o)
 .text          0x0000000000000000        0x0 /usr/lib/gcc/avr/4.9.2/avr5/libgcc.a(_exit.o)
 .data          0x0000000000000000        0x0 /usr/lib/gcc/avr/4.9.2/avr5/libgcc.a(_exit.o)
 .bss           0x0000000000000000        0x0 /usr/lib/gcc/avr/4.9.2/avr5/libgcc.a(_exit.o)
 .text.libgcc.mul
                0x0000000000000000        0x0 /usr/lib/gcc/avr/4.9.2/avr5/libgcc.a(_exit.o)
 .text.libgcc.div
                0x0000000000000000        0x0 /usr/lib/gcc/avr/4.9.2/avr5/libgcc.a(_exit.o)
 .text.libgcc   0x0000000000000000        0x0 /usr/lib/gcc/avr/4.9.2/avr5/libgcc.a(_exit.o)
 .text.libgcc.prologue
                0x0000000000000000        0x0 /usr/lib/gcc/avr/4.9.2/avr5/libgcc.a(_exit.o)
 .text.libgcc.builtins
                0x0000000000000000        0x0 /usr/lib/gcc/avr/4.9.2/avr5/libgcc.a(_exit.o)
 .text.libgcc.fmul
                0x0000000000000000        0x0 /usr/lib/gcc/avr/4.9.2/avr5/libgcc.a(_exit.o)
 .text.libgcc.fixed
                0x0000000000000000        0x0 /usr/lib/gcc/avr/4.9.2/avr5/libgcc.a(_exit.o)
 .text          0x0000000000000000        0x0 /usr/lib/gcc/avr/4.9.2/avr5/libgcc.a(_copy_data.o)
 .data          0x0000000000000000        0x0 /usr/lib/gcc/avr/4.9.2/avr5/libgcc.a(_copy_data.o)
 .bss           0x0000000000000000        0x0 /usr/lib/gcc/avr/4.9.2/avr5/libgcc.a(_copy_data.o)
 .text.libgcc.mul
                0x0000000000000000        0x0 /usr/lib/gcc/avr/4.9.2/avr5/libgcc.a(_copy_data.o)
 .text.libgcc.div
                0x0000000000000000        0x0 /usr/lib/gcc/avr/4.9.2/avr5/libgcc.a(_copy_data.o)
 .text.libgcc   0x0000000000000000        0x0 /usr/lib/gcc/avr/4.9.2/avr5/libgcc.a(_copy_data.o)
 .text.libgcc.prologue
                0x0000000000000000        0x0 /usr/lib/gcc/avr/4.9.2/avr5/libgcc.a(_copy_data.o)
 .text.libgcc.builtins
                0x0000000000000000        0x0 /usr/lib/gcc/avr/4.9.2/avr5/libgcc.a(_copy_data.o)
 .text.libgcc.fmul
                0x0000000000000000        0x0 /usr/lib/gcc/avr/4.9.2/avr5/libgcc.a(_copy_data.o)
 .text.libgcc.fixed
                0x0000000000000000        0x0 /usr/lib/gcc/avr/4.9.2/avr5/libgcc.a(_copy_data.o)

Memory Configuration

Name             Origin             Length             Attributes
text             0x0000000000000000 0x0000000000020000 xr
data             0x0000000000800060 0x000000000000ffa0 rw !x
eeprom           0x0000000000810000 0x0000000000010000 rw !x
fuse             0x0000000000820000 0x0000000000000400 rw !x
lock             0x0000000000830000 0x0000000000000400 rw !x
signature        0x0000000000840000 0x0000000000000400 rw !x
user_signatures  0x0000000000850000 0x0000000000000400 rw !x
*default*        0x0000000000000000 0xffffffffffffffff

Linker script and memory map

Address of section .data set to 0x800100
LOAD /usr/lib/gcc/avr/4.9.2/../../../avr/lib/avr5/crtatmega168.o
LOAD test.o
LOAD libs/sipo.o
LOAD libs/SPI.o
LOAD libs/piso.o
LOAD libs/mpr121.o
LOAD libs/i2c.o
LOAD libs/usart.o
START GROUP
LOAD /usr/lib/gcc/avr/4.9.2/avr5/libgcc.a
LOAD /usr/lib/gcc/avr/4.9.2/../../../avr/lib/avr5/libm.a
LOAD /usr/lib/gcc/avr/4.9.2/../../../avr/lib/avr5/libc.a
LOAD /usr/lib/gcc/avr/4.9.2/../../../avr/lib/avr5/libatmega168.a
END GROUP

.hash
 *(.hash)

.dynsym
 *(.dynsym)

.dynstr
 *(.dynstr)

.gnu.version
 *(.gnu.version)

.gnu.version_d
 *(.gnu.version_d)

.gnu.version_r
 *(.gnu.version_r)

.rel.init
 *(.rel.init)

.rela.init
 *(.rela.init)

.rel.text
 *(.rel.text)
 *(.rel.text.*)
 *(.rel.gnu.linkonce.t*)

.rela.text
 *(.rela.text)
 *(.rela.text.*)
 *(.rela.gnu.linkonce.t*)

.rel.fini
 *(.rel.fini)

.rela.fini
 *(.rela.fini)

.rel.rodata
 *(.rel.rodata)
 *(.rel.rodata.*)
 *(.rel.gnu.linkonce.r*)

.rela.rodata
 *(.rela.rodata)
 *(.rela.rodata.*)
 *(.rela.gnu.linkonce.r*)

.rel.data
 *(.rel.data)
 *(.rel.data.*)
 *(.rel.gnu.linkonce.d*)

.rela.data
 *(.rela.data)
 *(.rela.data.*)
 *(.rela.gnu.linkonce.d*)

.rel.ctors
 *(.rel.ctors)

.rela.ctors
 *(.rela.ctors)

.rel.dtors
 *(.rel.dtors)

.rela.dtors
 *(.rela.dtors)

.rel.got
 *(.rel.got)

.rela.got
 *(.rela.got)

.rel.bss
 *(.rel.bss)

.rela.bss
 *(.rela.bss)

.rel.plt
 *(.rel.plt)

.rela.plt
 *(.rela.plt)

.text           0x0000000000000000      0x468
 *(.vectors)
 .vectors       0x0000000000000000       0x68 /usr/lib/gcc/avr/4.9.2/../../../avr/lib/avr5/crtatmega168.o
                0x0000000000000000                __vectors
                0x0000000000000000                __vector_default
 *(.vectors)
 *(.progmem.gcc*)
                0x0000000000000068                . = ALIGN (0x2)
                0x0000000000000068                __trampolines_start = .
 *(.trampolines)
 .trampolines   0x0000000000000068        0x0 linker stubs
 *(.trampolines*)
                0x0000000000000068                __trampolines_end = .
 *(.progmem*)
                0x0000000000000068                . = ALIGN (0x2)
 *(.jumptables)
 *(.jumptables*)
 *(.lowtext)
 *(.lowtext*)
                0x0000000000000068                __ctors_start = .
 *(.ctors)
                0x0000000000000068                __ctors_end = .
                0x0000000000000068                __dtors_start = .
 *(.dtors)
                0x0000000000000068                __dtors_end = .
 SORT(*)(.ctors)
 SORT(*)(.dtors)
 *(.init0)
 .init0         0x0000000000000068        0x0 /usr/lib/gcc/avr/4.9.2/../../../avr/lib/avr5/crtatmega168.o
                0x0000000000000068                __init
 *(.init0)
 *(.init1)
 *(.init1)
 *(.init2)
 .init2         0x0000000000000068        0xc /usr/lib/gcc/avr/4.9.2/../../../avr/lib/avr5/crtatmega168.o
 *(.init2)
 *(.init3)
 *(.init3)
 *(.init4)
 .init4         0x0000000000000074       0x16 /usr/lib/gcc/avr/4.9.2/avr5/libgcc.a(_copy_data.o)
                0x0000000000000074                __do_copy_data
 *(.init4)
 *(.init5)
 *(.init5)
 *(.init6)
 *(.init6)
 *(.init7)
 *(.init7)
 *(.init8)
 *(.init8)
 *(.init9)
 .init9         0x000000000000008a        0x8 /usr/lib/gcc/avr/4.9.2/../../../avr/lib/avr5/crtatmega168.o
 *(.init9)
 *(.text)
 .text          0x0000000000000092        0x4 /usr/lib/gcc/avr/4.9.2/../../../avr/lib/avr5/crtatmega168.o
                0x0000000000000092                __vector_22
                0x0000000000000092                __vector_24
                0x0000000000000092                __vector_12
                0x0000000000000092                __bad_interrupt
                0x0000000000000092                __vector_6
                0x0000000000000092                __vector_3
                0x0000000000000092                __vector_23
                0x0000000000000092                __vector_25
                0x0000000000000092                __vector_11
                0x0000000000000092                __vector_13
                0x0000000000000092                __vector_17
                0x0000000000000092                __vector_19
                0x0000000000000092                __vector_7
                0x0000000000000092                __vector_5
                0x0000000000000092                __vector_4
                0x0000000000000092                __vector_9
                0x0000000000000092                __vector_2
                0x0000000000000092                __vector_21
                0x0000000000000092                __vector_15
                0x0000000000000092                __vector_8
                0x0000000000000092                __vector_14
                0x0000000000000092                __vector_10
                0x0000000000000092                __vector_16
                0x0000000000000092                __vector_18
                0x0000000000000092                __vector_20
                0x0000000000000096                . = ALIGN (0x2)
 *(.text.*)
 .text.__vector_1
                0x0000000000000096       0x4c test.o
                0x0000000000000096                __vector_1
 .text.init_interrupt
                0x00000000000000e2        0xe test.o
                0x00000000000000e2                init_interrupt
 .text.startup.main
                0x00000000000000f0       0x52 test.o
                0x00000000000000f0                main
 .text.mpr121_read
                0x0000000000000142       0x40 libs/mpr121.o
                0x0000000000000142                mpr121_read
 .text.mpr121_write
                0x0000000000000182       0x34 libs/mpr121.o
                0x0000000000000182                mpr121_write
 .text.mpr121_nirq
                0x00000000000001b6       0x18 libs/mpr121.o
                0x00000000000001b6                mpr121_nirq
 .text.mpr121_stopMode
                0x00000000000001ce        0x8 libs/mpr121.o
                0x00000000000001ce                mpr121_stopMode
 .text.mpr121_runMode
                0x00000000000001d6        0x8 libs/mpr121.o
                0x00000000000001d6                mpr121_runMode
 .text.mpr121_reset
                0x00000000000001de       0xd6 libs/mpr121.o
                0x00000000000001de                mpr121_reset
 .text.mpr121_init
                0x00000000000002b4       0x3a libs/mpr121.o
                0x00000000000002b4                mpr121_init
 .text.i2c_init
                0x00000000000002ee       0x1a libs/i2c.o
                0x00000000000002ee                i2c_init
 .text.i2c_start
                0x0000000000000308       0x22 libs/i2c.o
                0x0000000000000308                i2c_start
 .text.i2c_restart
                0x000000000000032a       0x1a libs/i2c.o
                0x000000000000032a                i2c_restart
 .text.i2c_stop
                0x0000000000000344       0x10 libs/i2c.o
                0x0000000000000344                i2c_stop
 .text.i2c_address
                0x0000000000000354       0x1e libs/i2c.o
                0x0000000000000354                i2c_address
 .text.i2c_tx_data
                0x0000000000000372       0x1a libs/i2c.o
                0x0000000000000372                i2c_tx_data
 .text.i2c_rx_data
                0x000000000000038c       0x28 libs/i2c.o
                0x000000000000038c                i2c_rx_data
 .text.init_usart
                0x00000000000003b4       0x22 libs/usart.o
                0x00000000000003b4                init_usart
 .text.transmit_byte
                0x00000000000003d6        0xe libs/usart.o
                0x00000000000003d6                transmit_byte
 .text.flush    0x00000000000003e4       0x10 libs/usart.o
                0x00000000000003e4                flush
 .text.print_string
                0x00000000000003f4       0x26 libs/usart.o
                0x00000000000003f4                print_string
 .text.print_byte
                0x000000000000041a       0x32 libs/usart.o
                0x000000000000041a                print_byte
 .text.libgcc.div
                0x000000000000044c       0x18 /usr/lib/gcc/avr/4.9.2/avr5/libgcc.a(_udivmodqi4.o)
                0x000000000000044c                __udivmodqi4
                0x0000000000000464                . = ALIGN (0x2)
 *(.fini9)
 .fini9         0x0000000000000464        0x0 /usr/lib/gcc/avr/4.9.2/avr5/libgcc.a(_exit.o)
                0x0000000000000464                exit
                0x0000000000000464                _exit
 *(.fini9)
 *(.fini8)
 *(.fini8)
 *(.fini7)
 *(.fini7)
 *(.fini6)
 *(.fini6)
 *(.fini5)
 *(.fini5)
 *(.fini4)
 *(.fini4)
 *(.fini3)
 *(.fini3)
 *(.fini2)
 *(.fini2)
 *(.fini1)
 *(.fini1)
 *(.fini0)
 .fini0         0x0000000000000464        0x4 /usr/lib/gcc/avr/4.9.2/avr5/libgcc.a(_exit.o)
 *(.fini0)
                0x0000000000000468                _etext = .

.data           0x0000000000800100        0xc load address 0x0000000000000468
                0x0000000000800100                PROVIDE (__data_start, .)
 *(.data)
 *(.data*)
 *(.rodata)
 *(.rodata*)
 .rodata.str1.1
                0x0000000000800100        0xc libs/mpr121.o
 *(.gnu.linkonce.d*)
                0x000000000080010c                . = ALIGN (0x2)
                0x000000000080010c                _edata = .
                0x000000000080010c                PROVIDE (__data_end, .)

.bss            0x000000000080010c        0x0
                0x000000000080010c                PROVIDE (__bss_start, .)
 *(.bss)
 *(.bss*)
 *(COMMON)
                0x000000000080010c                PROVIDE (__bss_end, .)
                0x0000000000000468                __data_load_start = LOADADDR (.data)
                0x0000000000000474                __data_load_end = (__data_load_start + SIZEOF (.data))

.noinit         0x000000000080010c        0x0
                0x000000000080010c                PROVIDE (__noinit_start, .)
 *(.noinit*)
                0x000000000080010c                PROVIDE (__noinit_end, .)
                0x000000000080010c                _end = .
                0x000000000080010c                PROVIDE (__heap_start, .)

.eeprom         0x0000000000810000        0x0
 *(.eeprom*)
                0x0000000000810000                __eeprom_end = .

.fuse
 *(.fuse)
 *(.lfuse)
 *(.hfuse)
 *(.efuse)

.lock
 *(.lock*)

.signature
 *(.signature*)

.user_signatures
 *(.user_signatures*)

.stab           0x0000000000000000     0x1adc
 *(.stab)
 .stab          0x0000000000000000      0x660 test.o
 .stab          0x0000000000000660      0x894 libs/mpr121.o
                                       0x1638 (size before relaxing)
 .stab          0x0000000000000ef4      0x654 libs/i2c.o
                                        0x81c (size before relaxing)
 .stab          0x0000000000001548      0x594 libs/usart.o
                                        0xb88 (size before relaxing)

.stabstr        0x0000000000000000     0x1426
 *(.stabstr)
 .stabstr       0x0000000000000000     0x1426 test.o

.stab.excl
 *(.stab.excl)

.stab.exclstr
 *(.stab.exclstr)

.stab.index
 *(.stab.index)

.stab.indexstr
 *(.stab.indexstr)

.comment        0x0000000000000000       0x11
 *(.comment)
 .comment       0x0000000000000000       0x11 test.o
                                         0x12 (size before relaxing)
 .comment       0x0000000000000011       0x12 libs/mpr121.o
 .comment       0x0000000000000011       0x12 libs/i2c.o
 .comment       0x0000000000000011       0x12 libs/usart.o

.note.gnu.avr.deviceinfo
                0x0000000000000000       0x3c
 .note.gnu.avr.deviceinfo
                0x0000000000000000       0x3c /usr/lib/gcc/avr/4.9.2/../../../avr/lib/avr5/crtatmega168.o

.note.gnu.build-id
 *(.note.gnu.build-id)

.debug
 *(.debug)

.line
 *(.line)

.debug_srcinfo
 *(.debug_srcinfo)

.debug_sfnames
 *(.debug_sfnames)

.debug_aranges
 *(.debug_aranges)

.debug_pubnames
 *(.debug_pubnames)

.debug_info
 *(.debug_info .gnu.linkonce.wi.*)

.debug_abbrev
 *(.debug_abbrev)

.debug_line
 *(.debug_line .debug_line.* .debug_line_end)

.debug_frame
 *(.debug_frame)

.debug_str
 *(.debug_str)

.debug_loc
 *(.debug_loc)

.debug_macinfo
 *(.debug_macinfo)

.debug_weaknames
 *(.debug_weaknames)

.debug_funcnames
 *(.debug_funcnames)

.debug_typenames
 *(.debug_typenames)

.debug_varnames
 *(.debug_varnames)

.debug_pubtypes
 *(.debug_pubtypes)

.debug_ranges
 *(.debug_ranges)

.debug_macro
 *(.debug_macro)
OUTPUT(Interactive_Leaves.elf elf32-avr)
LOAD linker stubs
