Archive member included to satisfy reference by file (symbol)

/usr/lib/gcc/avr/4.9.2/avr5/libgcc.a(_udivmodqi4.o)
                              libs/usart.o (__udivmodqi4)
/usr/lib/gcc/avr/4.9.2/avr5/libgcc.a(_udivmodhi4.o)
                              libs/usart.o (__udivmodhi4)
/usr/lib/gcc/avr/4.9.2/avr5/libgcc.a(_exit.o)
                              /usr/lib/gcc/avr/4.9.2/../../../avr/lib/avr5/crtatmega168.o (exit)
/usr/lib/gcc/avr/4.9.2/avr5/libgcc.a(_copy_data.o)
                              test.o (__do_copy_data)
/usr/lib/gcc/avr/4.9.2/avr5/libgcc.a(_clear_bss.o)
                              test.o (__do_clear_bss)

Allocating common symbols
Common symbol       size              file

stato               0x2               test.o

Discarded input sections

 .data          0x0000000000000000        0x0 /usr/lib/gcc/avr/4.9.2/../../../avr/lib/avr5/crtatmega168.o
 .bss           0x0000000000000000        0x0 /usr/lib/gcc/avr/4.9.2/../../../avr/lib/avr5/crtatmega168.o
 .text          0x0000000000000000        0x0 test.o
 .data          0x0000000000000000        0x0 test.o
 .bss           0x0000000000000000        0x0 test.o
 .text          0x0000000000000000        0x0 libs/mpr121.o
 .data          0x0000000000000000        0x0 libs/mpr121.o
 .bss           0x0000000000000000        0x0 libs/mpr121.o
 .text.mpr121_set_FFI
                0x0000000000000000       0x36 libs/mpr121.o
 .text.mpr121_set_ESI
                0x0000000000000000       0x36 libs/mpr121.o
 .text.mpr121_set_SFI
                0x0000000000000000       0x3c libs/mpr121.o
 .text.mpr121_set_CDC
                0x0000000000000000       0x36 libs/mpr121.o
 .text.mpr121_set_CDT
                0x0000000000000000       0x3c libs/mpr121.o
 .text.mpr121_set_debounces
                0x0000000000000000       0x38 libs/mpr121.o
 .text.mpr121_rising_condition
                0x0000000000000000       0x54 libs/mpr121.o
 .text.mpr121_falling_condition
                0x0000000000000000       0x54 libs/mpr121.o
 .text.mpr121_set_touched
                0x0000000000000000       0x42 libs/mpr121.o
 .text.mpr121_set_MHD
                0x0000000000000000       0x32 libs/mpr121.o
 .text.mpr121_set_NHD
                0x0000000000000000       0x40 libs/mpr121.o
 .text.mpr121_set_NCL
                0x0000000000000000       0x40 libs/mpr121.o
 .text.mpr121_set_FDL
                0x0000000000000000       0x40 libs/mpr121.o
 .text.mpr121_set_thresholds
                0x0000000000000000       0x32 libs/mpr121.o
 .text.mpr121_set_threshold
                0x0000000000000000       0x36 libs/mpr121.o
 .text.mpr121_filteredData
                0x0000000000000000       0x18 libs/mpr121.o
 .text.mpr121_baselineData
                0x0000000000000000       0x1a libs/mpr121.o
 .text.mpr121_touched
                0x0000000000000000       0x10 libs/mpr121.o
 .text          0x0000000000000000        0x0 libs/i2c.o
 .data          0x0000000000000000        0x0 libs/i2c.o
 .bss           0x0000000000000000        0x0 libs/i2c.o
 .text          0x0000000000000000        0x0 libs/usart.o
 .data          0x0000000000000000        0x0 libs/usart.o
 .bss           0x0000000000000000        0x0 libs/usart.o
 .text.receive_byte
                0x0000000000000000        0xe libs/usart.o
 .text.read_string
                0x0000000000000000       0x58 libs/usart.o
 .text.print_byte
                0x0000000000000000       0x32 libs/usart.o
 .text.print_word
                0x0000000000000000       0x76 libs/usart.o
 .text.print_binary_byte
                0x0000000000000000       0x48 libs/usart.o
 .text.nibble2hex
                0x0000000000000000        0xc libs/usart.o
 .text.print_hex_byte
                0x0000000000000000       0x1e libs/usart.o
 .text.get_number
                0x0000000000000000       0x48 libs/usart.o
 .text          0x0000000000000000        0x0 /usr/lib/gcc/avr/4.9.2/avr5/libgcc.a(_udivmodqi4.o)
 .data          0x0000000000000000        0x0 /usr/lib/gcc/avr/4.9.2/avr5/libgcc.a(_udivmodqi4.o)
 .bss           0x0000000000000000        0x0 /usr/lib/gcc/avr/4.9.2/avr5/libgcc.a(_udivmodqi4.o)
 .text.libgcc.mul
                0x0000000000000000        0x0 /usr/lib/gcc/avr/4.9.2/avr5/libgcc.a(_udivmodqi4.o)
 .text.libgcc.div
                0x0000000000000000       0x18 /usr/lib/gcc/avr/4.9.2/avr5/libgcc.a(_udivmodqi4.o)
 .text.libgcc   0x0000000000000000        0x0 /usr/lib/gcc/avr/4.9.2/avr5/libgcc.a(_udivmodqi4.o)
 .text.libgcc.prologue
                0x0000000000000000        0x0 /usr/lib/gcc/avr/4.9.2/avr5/libgcc.a(_udivmodqi4.o)
 .text.libgcc.builtins
                0x0000000000000000        0x0 /usr/lib/gcc/avr/4.9.2/avr5/libgcc.a(_udivmodqi4.o)
 .text.libgcc.fmul
                0x0000000000000000        0x0 /usr/lib/gcc/avr/4.9.2/avr5/libgcc.a(_udivmodqi4.o)
 .text.libgcc.fixed
                0x0000000000000000        0x0 /usr/lib/gcc/avr/4.9.2/avr5/libgcc.a(_udivmodqi4.o)
 .text          0x0000000000000000        0x0 /usr/lib/gcc/avr/4.9.2/avr5/libgcc.a(_udivmodhi4.o)
 .data          0x0000000000000000        0x0 /usr/lib/gcc/avr/4.9.2/avr5/libgcc.a(_udivmodhi4.o)
 .bss           0x0000000000000000        0x0 /usr/lib/gcc/avr/4.9.2/avr5/libgcc.a(_udivmodhi4.o)
 .text.libgcc.mul
                0x0000000000000000        0x0 /usr/lib/gcc/avr/4.9.2/avr5/libgcc.a(_udivmodhi4.o)
 .text.libgcc.div
                0x0000000000000000       0x28 /usr/lib/gcc/avr/4.9.2/avr5/libgcc.a(_udivmodhi4.o)
 .text.libgcc   0x0000000000000000        0x0 /usr/lib/gcc/avr/4.9.2/avr5/libgcc.a(_udivmodhi4.o)
 .text.libgcc.prologue
                0x0000000000000000        0x0 /usr/lib/gcc/avr/4.9.2/avr5/libgcc.a(_udivmodhi4.o)
 .text.libgcc.builtins
                0x0000000000000000        0x0 /usr/lib/gcc/avr/4.9.2/avr5/libgcc.a(_udivmodhi4.o)
 .text.libgcc.fmul
                0x0000000000000000        0x0 /usr/lib/gcc/avr/4.9.2/avr5/libgcc.a(_udivmodhi4.o)
 .text.libgcc.fixed
                0x0000000000000000        0x0 /usr/lib/gcc/avr/4.9.2/avr5/libgcc.a(_udivmodhi4.o)
 .text          0x0000000000000000        0x0 /usr/lib/gcc/avr/4.9.2/avr5/libgcc.a(_exit.o)
 .data          0x0000000000000000        0x0 /usr/lib/gcc/avr/4.9.2/avr5/libgcc.a(_exit.o)
 .bss           0x0000000000000000        0x0 /usr/lib/gcc/avr/4.9.2/avr5/libgcc.a(_exit.o)
 .text.libgcc.mul
                0x0000000000000000        0x0 /usr/lib/gcc/avr/4.9.2/avr5/libgcc.a(_exit.o)
 .text.libgcc.div
                0x0000000000000000        0x0 /usr/lib/gcc/avr/4.9.2/avr5/libgcc.a(_exit.o)
 .text.libgcc   0x0000000000000000        0x0 /usr/lib/gcc/avr/4.9.2/avr5/libgcc.a(_exit.o)
 .text.libgcc.prologue
                0x0000000000000000        0x0 /usr/lib/gcc/avr/4.9.2/avr5/libgcc.a(_exit.o)
 .text.libgcc.builtins
                0x0000000000000000        0x0 /usr/lib/gcc/avr/4.9.2/avr5/libgcc.a(_exit.o)
 .text.libgcc.fmul
                0x0000000000000000        0x0 /usr/lib/gcc/avr/4.9.2/avr5/libgcc.a(_exit.o)
 .text.libgcc.fixed
                0x0000000000000000        0x0 /usr/lib/gcc/avr/4.9.2/avr5/libgcc.a(_exit.o)
 .text          0x0000000000000000        0x0 /usr/lib/gcc/avr/4.9.2/avr5/libgcc.a(_copy_data.o)
 .data          0x0000000000000000        0x0 /usr/lib/gcc/avr/4.9.2/avr5/libgcc.a(_copy_data.o)
 .bss           0x0000000000000000        0x0 /usr/lib/gcc/avr/4.9.2/avr5/libgcc.a(_copy_data.o)
 .text.libgcc.mul
                0x0000000000000000        0x0 /usr/lib/gcc/avr/4.9.2/avr5/libgcc.a(_copy_data.o)
 .text.libgcc.div
                0x0000000000000000        0x0 /usr/lib/gcc/avr/4.9.2/avr5/libgcc.a(_copy_data.o)
 .text.libgcc   0x0000000000000000        0x0 /usr/lib/gcc/avr/4.9.2/avr5/libgcc.a(_copy_data.o)
 .text.libgcc.prologue
                0x0000000000000000        0x0 /usr/lib/gcc/avr/4.9.2/avr5/libgcc.a(_copy_data.o)
 .text.libgcc.builtins
                0x0000000000000000        0x0 /usr/lib/gcc/avr/4.9.2/avr5/libgcc.a(_copy_data.o)
 .text.libgcc.fmul
                0x0000000000000000        0x0 /usr/lib/gcc/avr/4.9.2/avr5/libgcc.a(_copy_data.o)
 .text.libgcc.fixed
                0x0000000000000000        0x0 /usr/lib/gcc/avr/4.9.2/avr5/libgcc.a(_copy_data.o)
 .text          0x0000000000000000        0x0 /usr/lib/gcc/avr/4.9.2/avr5/libgcc.a(_clear_bss.o)
 .data          0x0000000000000000        0x0 /usr/lib/gcc/avr/4.9.2/avr5/libgcc.a(_clear_bss.o)
 .bss           0x0000000000000000        0x0 /usr/lib/gcc/avr/4.9.2/avr5/libgcc.a(_clear_bss.o)
 .text.libgcc.mul
                0x0000000000000000        0x0 /usr/lib/gcc/avr/4.9.2/avr5/libgcc.a(_clear_bss.o)
 .text.libgcc.div
                0x0000000000000000        0x0 /usr/lib/gcc/avr/4.9.2/avr5/libgcc.a(_clear_bss.o)
 .text.libgcc   0x0000000000000000        0x0 /usr/lib/gcc/avr/4.9.2/avr5/libgcc.a(_clear_bss.o)
 .text.libgcc.prologue
                0x0000000000000000        0x0 /usr/lib/gcc/avr/4.9.2/avr5/libgcc.a(_clear_bss.o)
 .text.libgcc.builtins
                0x0000000000000000        0x0 /usr/lib/gcc/avr/4.9.2/avr5/libgcc.a(_clear_bss.o)
 .text.libgcc.fmul
                0x0000000000000000        0x0 /usr/lib/gcc/avr/4.9.2/avr5/libgcc.a(_clear_bss.o)
 .text.libgcc.fixed
                0x0000000000000000        0x0 /usr/lib/gcc/avr/4.9.2/avr5/libgcc.a(_clear_bss.o)

Memory Configuration

Name             Origin             Length             Attributes
text             0x0000000000000000 0x0000000000020000 xr
data             0x0000000000800060 0x000000000000ffa0 rw !x
eeprom           0x0000000000810000 0x0000000000010000 rw !x
fuse             0x0000000000820000 0x0000000000000400 rw !x
lock             0x0000000000830000 0x0000000000000400 rw !x
signature        0x0000000000840000 0x0000000000000400 rw !x
user_signatures  0x0000000000850000 0x0000000000000400 rw !x
*default*        0x0000000000000000 0xffffffffffffffff

Linker script and memory map

Address of section .data set to 0x800100
LOAD /usr/lib/gcc/avr/4.9.2/../../../avr/lib/avr5/crtatmega168.o
LOAD test.o
LOAD libs/mpr121.o
LOAD libs/i2c.o
LOAD libs/usart.o
START GROUP
LOAD /usr/lib/gcc/avr/4.9.2/avr5/libgcc.a
LOAD /usr/lib/gcc/avr/4.9.2/../../../avr/lib/avr5/libm.a
LOAD /usr/lib/gcc/avr/4.9.2/../../../avr/lib/avr5/libc.a
LOAD /usr/lib/gcc/avr/4.9.2/../../../avr/lib/avr5/libatmega168.a
END GROUP

.hash
 *(.hash)

.dynsym
 *(.dynsym)

.dynstr
 *(.dynstr)

.gnu.version
 *(.gnu.version)

.gnu.version_d
 *(.gnu.version_d)

.gnu.version_r
 *(.gnu.version_r)

.rel.init
 *(.rel.init)

.rela.init
 *(.rela.init)

.rel.text
 *(.rel.text)
 *(.rel.text.*)
 *(.rel.gnu.linkonce.t*)

.rela.text
 *(.rela.text)
 *(.rela.text.*)
 *(.rela.gnu.linkonce.t*)

.rel.fini
 *(.rel.fini)

.rela.fini
 *(.rela.fini)

.rel.rodata
 *(.rel.rodata)
 *(.rel.rodata.*)
 *(.rel.gnu.linkonce.r*)

.rela.rodata
 *(.rela.rodata)
 *(.rela.rodata.*)
 *(.rela.gnu.linkonce.r*)

.rel.data
 *(.rel.data)
 *(.rel.data.*)
 *(.rel.gnu.linkonce.d*)

.rela.data
 *(.rela.data)
 *(.rela.data.*)
 *(.rela.gnu.linkonce.d*)

.rel.ctors
 *(.rel.ctors)

.rela.ctors
 *(.rela.ctors)

.rel.dtors
 *(.rel.dtors)

.rela.dtors
 *(.rela.dtors)

.rel.got
 *(.rel.got)

.rela.got
 *(.rela.got)

.rel.bss
 *(.rel.bss)

.rela.bss
 *(.rela.bss)

.rel.plt
 *(.rel.plt)

.rela.plt
 *(.rela.plt)

.text           0x0000000000000000      0x492
 *(.vectors)
 .vectors       0x0000000000000000       0x68 /usr/lib/gcc/avr/4.9.2/../../../avr/lib/avr5/crtatmega168.o
                0x0000000000000000                __vectors
                0x0000000000000000                __vector_default
 *(.vectors)
 *(.progmem.gcc*)
                0x0000000000000068                . = ALIGN (0x2)
                0x0000000000000068                __trampolines_start = .
 *(.trampolines)
 .trampolines   0x0000000000000068        0x0 linker stubs
 *(.trampolines*)
                0x0000000000000068                __trampolines_end = .
 *(.progmem*)
                0x0000000000000068                . = ALIGN (0x2)
 *(.jumptables)
 *(.jumptables*)
 *(.lowtext)
 *(.lowtext*)
                0x0000000000000068                __ctors_start = .
 *(.ctors)
                0x0000000000000068                __ctors_end = .
                0x0000000000000068                __dtors_start = .
 *(.dtors)
                0x0000000000000068                __dtors_end = .
 SORT(*)(.ctors)
 SORT(*)(.dtors)
 *(.init0)
 .init0         0x0000000000000068        0x0 /usr/lib/gcc/avr/4.9.2/../../../avr/lib/avr5/crtatmega168.o
                0x0000000000000068                __init
 *(.init0)
 *(.init1)
 *(.init1)
 *(.init2)
 .init2         0x0000000000000068        0xc /usr/lib/gcc/avr/4.9.2/../../../avr/lib/avr5/crtatmega168.o
 *(.init2)
 *(.init3)
 *(.init3)
 *(.init4)
 .init4         0x0000000000000074       0x16 /usr/lib/gcc/avr/4.9.2/avr5/libgcc.a(_copy_data.o)
                0x0000000000000074                __do_copy_data
 .init4         0x000000000000008a       0x10 /usr/lib/gcc/avr/4.9.2/avr5/libgcc.a(_clear_bss.o)
                0x000000000000008a                __do_clear_bss
 *(.init4)
 *(.init5)
 *(.init5)
 *(.init6)
 *(.init6)
 *(.init7)
 *(.init7)
 *(.init8)
 *(.init8)
 *(.init9)
 .init9         0x000000000000009a        0x8 /usr/lib/gcc/avr/4.9.2/../../../avr/lib/avr5/crtatmega168.o
 *(.init9)
 *(.text)
 .text          0x00000000000000a2        0x4 /usr/lib/gcc/avr/4.9.2/../../../avr/lib/avr5/crtatmega168.o
                0x00000000000000a2                __vector_22
                0x00000000000000a2                __vector_24
                0x00000000000000a2                __vector_12
                0x00000000000000a2                __bad_interrupt
                0x00000000000000a2                __vector_6
                0x00000000000000a2                __vector_3
                0x00000000000000a2                __vector_23
                0x00000000000000a2                __vector_25
                0x00000000000000a2                __vector_11
                0x00000000000000a2                __vector_13
                0x00000000000000a2                __vector_17
                0x00000000000000a2                __vector_19
                0x00000000000000a2                __vector_7
                0x00000000000000a2                __vector_5
                0x00000000000000a2                __vector_4
                0x00000000000000a2                __vector_9
                0x00000000000000a2                __vector_2
                0x00000000000000a2                __vector_21
                0x00000000000000a2                __vector_15
                0x00000000000000a2                __vector_8
                0x00000000000000a2                __vector_14
                0x00000000000000a2                __vector_10
                0x00000000000000a2                __vector_16
                0x00000000000000a2                __vector_18
                0x00000000000000a2                __vector_20
                0x00000000000000a6                . = ALIGN (0x2)
 *(.text.*)
 .text.__vector_1
                0x00000000000000a6       0x66 test.o
                0x00000000000000a6                __vector_1
 .text.init_interrupt
                0x000000000000010c        0xe test.o
                0x000000000000010c                init_interrupt
 .text.startup.main
                0x000000000000011a       0x8c test.o
                0x000000000000011a                main
 .text.mpr121_read
                0x00000000000001a6       0x3a libs/mpr121.o
                0x00000000000001a6                mpr121_read
 .text.mpr121_read2
                0x00000000000001e0       0x6e libs/mpr121.o
                0x00000000000001e0                mpr121_read2
 .text.mpr121_write
                0x000000000000024e       0x34 libs/mpr121.o
                0x000000000000024e                mpr121_write
 .text.mpr121_touch
                0x0000000000000282        0x8 libs/mpr121.o
                0x0000000000000282                mpr121_touch
 .text.mpr121_nirq
                0x000000000000028a        0x4 libs/mpr121.o
                0x000000000000028a                mpr121_nirq
 .text.mpr121_stopMode
                0x000000000000028e        0x8 libs/mpr121.o
                0x000000000000028e                mpr121_stopMode
 .text.mpr121_runMode
                0x0000000000000296        0x8 libs/mpr121.o
                0x0000000000000296                mpr121_runMode
 .text.mpr121_reset
                0x000000000000029e       0xd6 libs/mpr121.o
                0x000000000000029e                mpr121_reset
 .text.mpr121_init
                0x0000000000000374       0x28 libs/mpr121.o
                0x0000000000000374                mpr121_init
 .text.i2c_init
                0x000000000000039c       0x1a libs/i2c.o
                0x000000000000039c                i2c_init
 .text.i2c_start
                0x00000000000003b6       0x12 libs/i2c.o
                0x00000000000003b6                i2c_start
 .text.i2c_stop
                0x00000000000003c8        0xa libs/i2c.o
                0x00000000000003c8                i2c_stop
 .text.i2c_tx_data
                0x00000000000003d2       0x16 libs/i2c.o
                0x00000000000003d2                i2c_tx_data
 .text.i2c_rx_data
                0x00000000000003e8       0x36 libs/i2c.o
                0x00000000000003e8                i2c_rx_data
 .text.i2c_get_data
                0x000000000000041e        0x6 libs/i2c.o
                0x000000000000041e                i2c_get_data
 .text.i2c_wait
                0x0000000000000424       0x14 libs/i2c.o
                0x0000000000000424                i2c_wait
 .text.init_usart
                0x0000000000000438       0x22 libs/usart.o
                0x0000000000000438                init_usart
 .text.transmit_byte
                0x000000000000045a        0xe libs/usart.o
                0x000000000000045a                transmit_byte
 .text.print_string
                0x0000000000000468       0x26 libs/usart.o
                0x0000000000000468                print_string
                0x000000000000048e                . = ALIGN (0x2)
 *(.fini9)
 .fini9         0x000000000000048e        0x0 /usr/lib/gcc/avr/4.9.2/avr5/libgcc.a(_exit.o)
                0x000000000000048e                exit
                0x000000000000048e                _exit
 *(.fini9)
 *(.fini8)
 *(.fini8)
 *(.fini7)
 *(.fini7)
 *(.fini6)
 *(.fini6)
 *(.fini5)
 *(.fini5)
 *(.fini4)
 *(.fini4)
 *(.fini3)
 *(.fini3)
 *(.fini2)
 *(.fini2)
 *(.fini1)
 *(.fini1)
 *(.fini0)
 .fini0         0x000000000000048e        0x4 /usr/lib/gcc/avr/4.9.2/avr5/libgcc.a(_exit.o)
 *(.fini0)
                0x0000000000000492                _etext = .

.data           0x0000000000800100       0x34 load address 0x0000000000000492
                0x0000000000800100                PROVIDE (__data_start, .)
 *(.data)
 *(.data*)
 *(.rodata)
 *(.rodata*)
 .rodata.str1.1
                0x0000000000800100       0x34 test.o
 *(.gnu.linkonce.d*)
                0x0000000000800134                . = ALIGN (0x2)
                0x0000000000800134                _edata = .
                0x0000000000800134                PROVIDE (__data_end, .)

.bss            0x0000000000800134        0x2
                0x0000000000800134                PROVIDE (__bss_start, .)
 *(.bss)
 *(.bss*)
 *(COMMON)
 COMMON         0x0000000000800134        0x2 test.o
                0x0000000000800134                stato
                0x0000000000800136                PROVIDE (__bss_end, .)
                0x0000000000000492                __data_load_start = LOADADDR (.data)
                0x00000000000004c6                __data_load_end = (__data_load_start + SIZEOF (.data))

.noinit         0x0000000000800136        0x0
                0x0000000000800136                PROVIDE (__noinit_start, .)
 *(.noinit*)
                0x0000000000800136                PROVIDE (__noinit_end, .)
                0x0000000000800136                _end = .
                0x0000000000800136                PROVIDE (__heap_start, .)

.eeprom         0x0000000000810000        0x0
 *(.eeprom*)
                0x0000000000810000                __eeprom_end = .

.fuse
 *(.fuse)
 *(.lfuse)
 *(.hfuse)
 *(.efuse)

.lock
 *(.lock*)

.signature
 *(.signature*)

.user_signatures
 *(.user_signatures*)

.stab           0x0000000000000000     0x1b24
 *(.stab)
 .stab          0x0000000000000000      0x714 test.o
 .stab          0x0000000000000714      0x990 libs/mpr121.o
                                       0x1590 (size before relaxing)
 .stab          0x00000000000010a4      0x5f4 libs/i2c.o
                                        0x7bc (size before relaxing)
 .stab          0x0000000000001698      0x48c libs/usart.o
                                        0xa80 (size before relaxing)

.stabstr        0x0000000000000000     0x12f8
 *(.stabstr)
 .stabstr       0x0000000000000000     0x12f8 test.o

.stab.excl
 *(.stab.excl)

.stab.exclstr
 *(.stab.exclstr)

.stab.index
 *(.stab.index)

.stab.indexstr
 *(.stab.indexstr)

.comment        0x0000000000000000       0x11
 *(.comment)
 .comment       0x0000000000000000       0x11 test.o
                                         0x12 (size before relaxing)
 .comment       0x0000000000000011       0x12 libs/mpr121.o
 .comment       0x0000000000000011       0x12 libs/i2c.o
 .comment       0x0000000000000011       0x12 libs/usart.o

.note.gnu.avr.deviceinfo
                0x0000000000000000       0x3c
 .note.gnu.avr.deviceinfo
                0x0000000000000000       0x3c /usr/lib/gcc/avr/4.9.2/../../../avr/lib/avr5/crtatmega168.o

.note.gnu.build-id
 *(.note.gnu.build-id)

.debug
 *(.debug)

.line
 *(.line)

.debug_srcinfo
 *(.debug_srcinfo)

.debug_sfnames
 *(.debug_sfnames)

.debug_aranges
 *(.debug_aranges)

.debug_pubnames
 *(.debug_pubnames)

.debug_info
 *(.debug_info .gnu.linkonce.wi.*)

.debug_abbrev
 *(.debug_abbrev)

.debug_line
 *(.debug_line .debug_line.* .debug_line_end)

.debug_frame
 *(.debug_frame)

.debug_str
 *(.debug_str)

.debug_loc
 *(.debug_loc)

.debug_macinfo
 *(.debug_macinfo)

.debug_weaknames
 *(.debug_weaknames)

.debug_funcnames
 *(.debug_funcnames)

.debug_typenames
 *(.debug_typenames)

.debug_varnames
 *(.debug_varnames)

.debug_pubtypes
 *(.debug_pubtypes)

.debug_ranges
 *(.debug_ranges)

.debug_macro
 *(.debug_macro)
OUTPUT(Interactive_Leaves.elf elf32-avr)
LOAD linker stubs
